0	15750	7875	9375	11875	15125	
0	0	2625	4375	7125	10500	
0	0	0	750	2500	5375	
0	0	0	0	1000	3500	
0	0	0	0	0	5000	
0	0	0	0	0	0	
