The determinant of matrix
1	2	3	
4	5	6	
7	8	9	
is
0	