Input equation is:
2.000000	x + 
1.000000	y = 
4.000000	

3.000000	x + 
3.000000	y = 
2.000000	

Solutions are:
x = 
1.000000	
y = 
2.000000	