Rows of m
2	
Columns of m
2	
Transpose of m
1	0	
1	2	
Trace of m
3	
Submatrix (0,1,0,1) of m
1	
Submatrix (0,1,0,1) of m
1	1	
0	2	
