The determinant of matrix
1.000000	2.000000	
3.000000	4.000000	
is
-2.000000	