Matrix m is
2	9	1	1	
0	2	1	1	
1	1	1	1	
3	1	1	1	
m + m is
4	18	2	2	
0	4	2	2	
2	2	2	2	
6	2	2	2	
m - m is
0	0	0	0	
0	0	0	0	
0	0	0	0	
0	0	0	0	
m * m is
8	38	13	13	
4	6	4	4	
6	13	4	4	
10	31	6	6	
