Matrix M is
0.000000	0.000000	0.000000	
0.000000	0.000000	0.000000	
Float a is
9.000000	
a * M is
0.000000	0.000000	0.000000	
0.000000	0.000000	0.000000	