Input equations are:
1.000000	x + 
1.000000	y 
1.000000	z = 
3.000000	

2.000000	x + 
3.000000	y 
1.000000	z = 
6.000000	

1.000000	x + 
1.000000	y 
5.000000	z = 
7.000000	

Solutions are:
x = 
1.000000	
y = 
1.000000	
z = 
1.000000	