13984	39720	13788	13788	
4272	11848	4176	4176	
5960	16604	5760	5760	
10744	30196	10360	10360	
